libnfs-raw-nfs4.c:26:1:zdr_nfs_ftype4	16	static
libnfs-raw-nfs4.c:36:1:zdr_nfsstat4	16	static
libnfs-raw-nfs4.c:46:1:zdr_bitmap4	24	static
libnfs-raw-nfs4.c:57:1:zdr_offset4	16	static
libnfs-raw-nfs4.c:67:1:zdr_count4	16	static
libnfs-raw-nfs4.c:77:1:zdr_length4	16	static
libnfs-raw-nfs4.c:87:1:zdr_clientid4	16	static
libnfs-raw-nfs4.c:97:1:zdr_sequenceid4	16	static
libnfs-raw-nfs4.c:107:1:zdr_seqid4	16	static
libnfs-raw-nfs4.c:117:1:zdr_slotid4	16	static
libnfs-raw-nfs4.c:127:1:zdr_utf8string	16	static
libnfs-raw-nfs4.c:137:1:zdr_utf8str_cis	16	static
libnfs-raw-nfs4.c:147:1:zdr_utf8str_cs	16	static
libnfs-raw-nfs4.c:157:1:zdr_utf8str_mixed	16	static
libnfs-raw-nfs4.c:167:1:zdr_component4	16	static
libnfs-raw-nfs4.c:177:1:zdr_pathname4	24	static
libnfs-raw-nfs4.c:188:1:zdr_nfs_lockid4	16	static
libnfs-raw-nfs4.c:198:1:zdr_nfs_cookie4	16	static
libnfs-raw-nfs4.c:208:1:zdr_linktext4	16	static
libnfs-raw-nfs4.c:218:1:zdr_sec_oid4	16	static
libnfs-raw-nfs4.c:228:1:zdr_qop4	16	static
libnfs-raw-nfs4.c:238:1:zdr_mode4	16	static
libnfs-raw-nfs4.c:248:1:zdr_changeid4	16	static
libnfs-raw-nfs4.c:258:1:zdr_verifier4	16	static
libnfs-raw-nfs4.c:268:1:zdr_sessionid4	16	static
libnfs-raw-nfs4.c:278:1:zdr_authsys_parms	24	static
libnfs-raw-nfs4.c:297:1:zdr_deviceid4	16	static
libnfs-raw-nfs4.c:307:1:zdr_layouttype4	16	static
libnfs-raw-nfs4.c:317:1:zdr_layoutupdate4	16	static
libnfs-raw-nfs4.c:329:1:zdr_device_addr4	16	static
libnfs-raw-nfs4.c:341:1:zdr_nfstime4	16	static
libnfs-raw-nfs4.c:353:1:zdr_time_how4	16	static
libnfs-raw-nfs4.c:363:1:zdr_layoutiomode4	16	static
libnfs-raw-nfs4.c:373:1:zdr_layout_content4	16	static
libnfs-raw-nfs4.c:385:1:zdr_layout4	16	static
libnfs-raw-nfs4.c:401:1:zdr_settime4	16	static
libnfs-raw-nfs4.c:419:1:zdr_nfs_fh4	16	static
libnfs-raw-nfs4.c:429:1:zdr_fsid4	16	static
libnfs-raw-nfs4.c:441:1:zdr_fs_location4	24	static
libnfs-raw-nfs4.c:454:1:zdr_fs_locations4	24	static
libnfs-raw-nfs4.c:467:1:zdr_acetype4	16	static
libnfs-raw-nfs4.c:477:1:zdr_aceflag4	16	static
libnfs-raw-nfs4.c:487:1:zdr_acemask4	16	static
libnfs-raw-nfs4.c:497:1:zdr_nfsace4	16	static
libnfs-raw-nfs4.c:513:1:zdr_specdata4	16	static
libnfs-raw-nfs4.c:525:1:zdr_fattr4_supported_attrs	16	static
libnfs-raw-nfs4.c:535:1:zdr_fattr4_type	16	static
libnfs-raw-nfs4.c:545:1:zdr_fattr4_fh_expire_type	16	static
libnfs-raw-nfs4.c:555:1:zdr_fattr4_change	16	static
libnfs-raw-nfs4.c:565:1:zdr_fattr4_size	16	static
libnfs-raw-nfs4.c:575:1:zdr_fattr4_link_support	16	static
libnfs-raw-nfs4.c:585:1:zdr_fattr4_symlink_support	16	static
libnfs-raw-nfs4.c:595:1:zdr_fattr4_named_attr	16	static
libnfs-raw-nfs4.c:605:1:zdr_fattr4_fsid	16	static
libnfs-raw-nfs4.c:615:1:zdr_fattr4_unique_handles	16	static
libnfs-raw-nfs4.c:625:1:zdr_fattr4_lease_time	16	static
libnfs-raw-nfs4.c:635:1:zdr_fattr4_rdattr_error	16	static
libnfs-raw-nfs4.c:645:1:zdr_fattr4_acl	24	static
libnfs-raw-nfs4.c:656:1:zdr_fattr4_aclsupport	16	static
libnfs-raw-nfs4.c:666:1:zdr_fattr4_archive	16	static
libnfs-raw-nfs4.c:676:1:zdr_fattr4_cansettime	16	static
libnfs-raw-nfs4.c:686:1:zdr_fattr4_case_insensitive	16	static
libnfs-raw-nfs4.c:696:1:zdr_fattr4_case_preserving	16	static
libnfs-raw-nfs4.c:706:1:zdr_fattr4_chown_restricted	16	static
libnfs-raw-nfs4.c:716:1:zdr_fattr4_fileid	16	static
libnfs-raw-nfs4.c:726:1:zdr_fattr4_files_avail	16	static
libnfs-raw-nfs4.c:736:1:zdr_fattr4_filehandle	16	static
libnfs-raw-nfs4.c:746:1:zdr_fattr4_files_free	16	static
libnfs-raw-nfs4.c:756:1:zdr_fattr4_files_total	16	static
libnfs-raw-nfs4.c:766:1:zdr_fattr4_fs_locations	16	static
libnfs-raw-nfs4.c:776:1:zdr_fattr4_hidden	16	static
libnfs-raw-nfs4.c:786:1:zdr_fattr4_homogeneous	16	static
libnfs-raw-nfs4.c:796:1:zdr_fattr4_maxfilesize	16	static
libnfs-raw-nfs4.c:806:1:zdr_fattr4_maxlink	16	static
libnfs-raw-nfs4.c:816:1:zdr_fattr4_maxname	16	static
libnfs-raw-nfs4.c:826:1:zdr_fattr4_maxread	16	static
libnfs-raw-nfs4.c:836:1:zdr_fattr4_maxwrite	16	static
libnfs-raw-nfs4.c:846:1:zdr_fattr4_mimetype	16	static
libnfs-raw-nfs4.c:856:1:zdr_fattr4_mode	16	static
libnfs-raw-nfs4.c:866:1:zdr_fattr4_mounted_on_fileid	16	static
libnfs-raw-nfs4.c:876:1:zdr_fattr4_no_trunc	16	static
libnfs-raw-nfs4.c:886:1:zdr_fattr4_numlinks	16	static
libnfs-raw-nfs4.c:896:1:zdr_fattr4_owner	16	static
libnfs-raw-nfs4.c:906:1:zdr_fattr4_owner_group	16	static
libnfs-raw-nfs4.c:916:1:zdr_fattr4_quota_avail_hard	16	static
libnfs-raw-nfs4.c:926:1:zdr_fattr4_quota_avail_soft	16	static
libnfs-raw-nfs4.c:936:1:zdr_fattr4_quota_used	16	static
libnfs-raw-nfs4.c:946:1:zdr_fattr4_rawdev	16	static
libnfs-raw-nfs4.c:956:1:zdr_fattr4_space_avail	16	static
libnfs-raw-nfs4.c:966:1:zdr_fattr4_space_free	16	static
libnfs-raw-nfs4.c:976:1:zdr_fattr4_space_total	16	static
libnfs-raw-nfs4.c:986:1:zdr_fattr4_space_used	16	static
libnfs-raw-nfs4.c:996:1:zdr_fattr4_system	16	static
libnfs-raw-nfs4.c:1006:1:zdr_fattr4_time_access	16	static
libnfs-raw-nfs4.c:1016:1:zdr_fattr4_time_access_set	16	static
libnfs-raw-nfs4.c:1026:1:zdr_fattr4_time_backup	16	static
libnfs-raw-nfs4.c:1036:1:zdr_fattr4_time_create	16	static
libnfs-raw-nfs4.c:1046:1:zdr_fattr4_time_delta	16	static
libnfs-raw-nfs4.c:1056:1:zdr_fattr4_time_metadata	16	static
libnfs-raw-nfs4.c:1066:1:zdr_fattr4_time_modify	16	static
libnfs-raw-nfs4.c:1076:1:zdr_fattr4_time_modify_set	16	static
libnfs-raw-nfs4.c:1086:1:zdr_attrlist4	16	static
libnfs-raw-nfs4.c:1096:1:zdr_fattr4	16	static
libnfs-raw-nfs4.c:1108:1:zdr_change_info4	16	static
libnfs-raw-nfs4.c:1122:1:zdr_clientaddr4	16	static
libnfs-raw-nfs4.c:1134:1:zdr_cb_client4	16	static
libnfs-raw-nfs4.c:1146:1:zdr_stateid4	16	static
libnfs-raw-nfs4.c:1159:1:zdr_nfs_client_id4	16	static
libnfs-raw-nfs4.c:1171:1:zdr_open_owner4	16	static
libnfs-raw-nfs4.c:1183:1:zdr_lock_owner4	16	static
libnfs-raw-nfs4.c:1195:1:zdr_nfs_lock_type4	16	static
libnfs-raw-nfs4.c:1205:1:zdr_ACCESS4args	16	static
libnfs-raw-nfs4.c:1215:1:zdr_ACCESS4resok	16	static
libnfs-raw-nfs4.c:1227:1:zdr_ACCESS4res	16	static
libnfs-raw-nfs4.c:1245:1:zdr_CLOSE4args	16	static
libnfs-raw-nfs4.c:1257:1:zdr_CLOSE4res	16	static
libnfs-raw-nfs4.c:1275:1:zdr_COMMIT4args	16	static
libnfs-raw-nfs4.c:1287:1:zdr_COMMIT4resok	16	static
libnfs-raw-nfs4.c:1297:1:zdr_COMMIT4res	16	static
libnfs-raw-nfs4.c:1315:1:zdr_createtype4	16	static
libnfs-raw-nfs4.c:1342:1:zdr_CREATE4args	16	static
libnfs-raw-nfs4.c:1356:1:zdr_CREATE4resok	16	static
libnfs-raw-nfs4.c:1368:1:zdr_CREATE4res	16	static
libnfs-raw-nfs4.c:1386:1:zdr_DELEGPURGE4args	16	static
libnfs-raw-nfs4.c:1396:1:zdr_DELEGPURGE4res	16	static
libnfs-raw-nfs4.c:1406:1:zdr_DELEGRETURN4args	16	static
libnfs-raw-nfs4.c:1416:1:zdr_DELEGRETURN4res	16	static
libnfs-raw-nfs4.c:1426:1:zdr_GETATTR4args	16	static
libnfs-raw-nfs4.c:1436:1:zdr_GETATTR4resok	16	static
libnfs-raw-nfs4.c:1446:1:zdr_GETATTR4res	16	static
libnfs-raw-nfs4.c:1464:1:zdr_GETFH4resok	16	static
libnfs-raw-nfs4.c:1474:1:zdr_GETFH4res	16	static
libnfs-raw-nfs4.c:1492:1:zdr_LINK4args	16	static
libnfs-raw-nfs4.c:1502:1:zdr_LINK4resok	16	static
libnfs-raw-nfs4.c:1512:1:zdr_LINK4res	16	static
libnfs-raw-nfs4.c:1530:1:zdr_open_to_lock_owner4	16	static
libnfs-raw-nfs4.c:1546:1:zdr_exist_lock_owner4	16	static
libnfs-raw-nfs4.c:1558:1:zdr_locker4	16	static
libnfs-raw-nfs4.c:1580:1:zdr_LOCK4args	16	static
libnfs-raw-nfs4.c:1598:1:zdr_LOCK4denied	16	static
libnfs-raw-nfs4.c:1614:1:zdr_LOCK4resok	16	static
libnfs-raw-nfs4.c:1624:1:zdr_LOCK4res	16	static
libnfs-raw-nfs4.c:1646:1:zdr_LOCKT4args	16	static
libnfs-raw-nfs4.c:1662:1:zdr_LOCKT4res	16	static
libnfs-raw-nfs4.c:1682:1:zdr_LOCKU4args	16	static
libnfs-raw-nfs4.c:1700:1:zdr_LOCKU4res	16	static
libnfs-raw-nfs4.c:1718:1:zdr_LOOKUP4args	16	static
libnfs-raw-nfs4.c:1728:1:zdr_LOOKUP4res	16	static
libnfs-raw-nfs4.c:1738:1:zdr_LOOKUPP4res	16	static
libnfs-raw-nfs4.c:1748:1:zdr_NVERIFY4args	16	static
libnfs-raw-nfs4.c:1758:1:zdr_NVERIFY4res	16	static
libnfs-raw-nfs4.c:1768:1:zdr_createmode4	16	static
libnfs-raw-nfs4.c:1778:1:zdr_createhow4	16	static
libnfs-raw-nfs4.c:1801:1:zdr_opentype4	16	static
libnfs-raw-nfs4.c:1811:1:zdr_openflag4	16	static
libnfs-raw-nfs4.c:1829:1:zdr_limit_by4	16	static
libnfs-raw-nfs4.c:1839:1:zdr_nfs_modified_limit4	16	static
libnfs-raw-nfs4.c:1851:1:zdr_nfs_space_limit4	16	static
libnfs-raw-nfs4.c:1873:1:zdr_open_delegation_type4	16	static
libnfs-raw-nfs4.c:1883:1:zdr_open_claim_type4	16	static
libnfs-raw-nfs4.c:1893:1:zdr_open_claim_delegate_cur4	16	static
libnfs-raw-nfs4.c:1905:1:zdr_open_claim4	16	static
libnfs-raw-nfs4.c:1935:1:zdr_OPEN4args	16	static
libnfs-raw-nfs4.c:1955:1:zdr_open_read_delegation4	16	static
libnfs-raw-nfs4.c:1969:1:zdr_open_write_delegation4	16	static
libnfs-raw-nfs4.c:1985:1:zdr_open_delegation4	16	static
libnfs-raw-nfs4.c:2009:1:zdr_OPEN4resok	16	static
libnfs-raw-nfs4.c:2027:1:zdr_OPEN4res	16	static
libnfs-raw-nfs4.c:2045:1:zdr_OPENATTR4args	16	static
libnfs-raw-nfs4.c:2055:1:zdr_OPENATTR4res	16	static
libnfs-raw-nfs4.c:2065:1:zdr_OPEN_CONFIRM4args	16	static
libnfs-raw-nfs4.c:2077:1:zdr_OPEN_CONFIRM4resok	16	static
libnfs-raw-nfs4.c:2087:1:zdr_OPEN_CONFIRM4res	16	static
libnfs-raw-nfs4.c:2105:1:zdr_OPEN_DOWNGRADE4args	16	static
libnfs-raw-nfs4.c:2121:1:zdr_OPEN_DOWNGRADE4resok	16	static
libnfs-raw-nfs4.c:2131:1:zdr_OPEN_DOWNGRADE4res	16	static
libnfs-raw-nfs4.c:2149:1:zdr_PUTFH4args	16	static
libnfs-raw-nfs4.c:2159:1:zdr_PUTFH4res	16	static
libnfs-raw-nfs4.c:2169:1:zdr_PUTPUBFH4res	16	static
libnfs-raw-nfs4.c:2179:1:zdr_PUTROOTFH4res	16	static
libnfs-raw-nfs4.c:2189:1:zdr_READ4args	16	static
libnfs-raw-nfs4.c:2203:1:zdr_READ4resok	16	static
libnfs-raw-nfs4.c:2215:1:zdr_READ4res	16	static
libnfs-raw-nfs4.c:2233:1:zdr_READDIR4args	16	static
libnfs-raw-nfs4.c:2251:1:zdr_entry4	16	static
libnfs-raw-nfs4.c:2267:1:zdr_dirlist4	16	static
libnfs-raw-nfs4.c:2279:1:zdr_READDIR4resok	16	static
libnfs-raw-nfs4.c:2291:1:zdr_READDIR4res	16	static
libnfs-raw-nfs4.c:2309:1:zdr_READLINK4resok	16	static
libnfs-raw-nfs4.c:2319:1:zdr_READLINK4res	16	static
libnfs-raw-nfs4.c:2337:1:zdr_REMOVE4args	16	static
libnfs-raw-nfs4.c:2347:1:zdr_REMOVE4resok	16	static
libnfs-raw-nfs4.c:2357:1:zdr_REMOVE4res	16	static
libnfs-raw-nfs4.c:2375:1:zdr_RENAME4args	16	static
libnfs-raw-nfs4.c:2387:1:zdr_RENAME4resok	16	static
libnfs-raw-nfs4.c:2399:1:zdr_RENAME4res	16	static
libnfs-raw-nfs4.c:2417:1:zdr_RENEW4args	16	static
libnfs-raw-nfs4.c:2427:1:zdr_RENEW4res	16	static
libnfs-raw-nfs4.c:2437:1:zdr_RESTOREFH4res	16	static
libnfs-raw-nfs4.c:2447:1:zdr_SAVEFH4res	16	static
libnfs-raw-nfs4.c:2457:1:zdr_SECINFO4args	16	static
libnfs-raw-nfs4.c:2467:1:zdr_rpc_gss_svc_t	16	static
libnfs-raw-nfs4.c:2477:1:zdr_rpcsec_gss_info	16	static
libnfs-raw-nfs4.c:2491:1:zdr_secinfo4	16	static
libnfs-raw-nfs4.c:2509:1:zdr_SECINFO4resok	24	static
libnfs-raw-nfs4.c:2520:1:zdr_SECINFO4res	16	static
libnfs-raw-nfs4.c:2538:1:zdr_SETATTR4args	16	static
libnfs-raw-nfs4.c:2550:1:zdr_SETATTR4res	16	static
libnfs-raw-nfs4.c:2562:1:zdr_SETCLIENTID4args	16	static
libnfs-raw-nfs4.c:2576:1:zdr_SETCLIENTID4resok	16	static
libnfs-raw-nfs4.c:2588:1:zdr_SETCLIENTID4res	16	static
libnfs-raw-nfs4.c:2610:1:zdr_SETCLIENTID_CONFIRM4args	16	static
libnfs-raw-nfs4.c:2622:1:zdr_SETCLIENTID_CONFIRM4res	16	static
libnfs-raw-nfs4.c:2632:1:zdr_VERIFY4args	16	static
libnfs-raw-nfs4.c:2642:1:zdr_VERIFY4res	16	static
libnfs-raw-nfs4.c:2652:1:zdr_stable_how4	16	static
libnfs-raw-nfs4.c:2662:1:zdr_WRITE4args	16	static
libnfs-raw-nfs4.c:2678:1:zdr_WRITE4resok	16	static
libnfs-raw-nfs4.c:2692:1:zdr_WRITE4res	16	static
libnfs-raw-nfs4.c:2710:1:zdr_RELEASE_LOCKOWNER4args	16	static
libnfs-raw-nfs4.c:2720:1:zdr_RELEASE_LOCKOWNER4res	16	static
libnfs-raw-nfs4.c:2730:1:zdr_callback_sec_parms4	16	static
libnfs-raw-nfs4.c:2750:1:zdr_channel_attrs4	24	static
libnfs-raw-nfs4.c:2773:1:zdr_CREATE_SESSION4args	24	static
libnfs-raw-nfs4.c:2796:1:zdr_CREATE_SESSION4resok	16	static
libnfs-raw-nfs4.c:2814:1:zdr_CREATE_SESSION4res	16	static
libnfs-raw-nfs4.c:2832:1:zdr_DESTROY_SESSION4args	16	static
libnfs-raw-nfs4.c:2842:1:zdr_DESTROY_SESSION4res	16	static
libnfs-raw-nfs4.c:2852:1:zdr_FREE_STATEID4args	16	static
libnfs-raw-nfs4.c:2862:1:zdr_FREE_STATEID4res	16	static
libnfs-raw-nfs4.c:2872:1:zdr_attr_notice4	16	static
libnfs-raw-nfs4.c:2882:1:zdr_GET_DIR_DELEGATION4args	16	static
libnfs-raw-nfs4.c:2902:1:zdr_GET_DIR_DELEGATION4resok	16	static
libnfs-raw-nfs4.c:2920:1:zdr_gddrnf4_status	16	static
libnfs-raw-nfs4.c:2930:1:zdr_GET_DIR_DELEGATION4res_non_fatal	16	static
libnfs-raw-nfs4.c:2952:1:zdr_GET_DIR_DELEGATION4res	16	static
libnfs-raw-nfs4.c:2970:1:zdr_GETDEVICEINFO4args	16	static
libnfs-raw-nfs4.c:2986:1:zdr_GETDEVICEINFO4resok	16	static
libnfs-raw-nfs4.c:2998:1:zdr_GETDEVICEINFO4res	16	static
libnfs-raw-nfs4.c:3020:1:zdr_GETDEVICELIST4args	16	static
libnfs-raw-nfs4.c:3036:1:zdr_GETDEVICELIST4resok	24	static
libnfs-raw-nfs4.c:3053:1:zdr_GETDEVICELIST4res	16	static
libnfs-raw-nfs4.c:3071:1:zdr_newtime4	16	static
libnfs-raw-nfs4.c:3091:1:zdr_newoffset4	16	static
libnfs-raw-nfs4.c:3111:1:zdr_LAYOUTCOMMIT4args	16	static
libnfs-raw-nfs4.c:3133:1:zdr_newsize4	16	static
libnfs-raw-nfs4.c:3153:1:zdr_LAYOUTCOMMIT4resok	16	static
libnfs-raw-nfs4.c:3163:1:zdr_LAYOUTCOMMIT4res	16	static
libnfs-raw-nfs4.c:3181:1:zdr_LAYOUTGET4args	16	static
libnfs-raw-nfs4.c:3205:1:zdr_LAYOUTGET4resok	24	static
libnfs-raw-nfs4.c:3220:1:zdr_LAYOUTGET4res	16	static
libnfs-raw-nfs4.c:3242:1:zdr_layoutreturn_type4	16	static
libnfs-raw-nfs4.c:3252:1:zdr_layoutreturn_file4	16	static
libnfs-raw-nfs4.c:3268:1:zdr_layoutreturn4	16	static
libnfs-raw-nfs4.c:3286:1:zdr_LAYOUTRETURN4args	16	static
libnfs-raw-nfs4.c:3302:1:zdr_layoutreturn_stateid	16	static
libnfs-raw-nfs4.c:3322:1:zdr_LAYOUTRETURN4res	16	static
libnfs-raw-nfs4.c:3340:1:zdr_secinfo_style4	16	static
libnfs-raw-nfs4.c:3350:1:zdr_SECINFO_NO_NAME4args	16	static
libnfs-raw-nfs4.c:3360:1:zdr_SECINFO_NO_NAME4res	16	static
libnfs-raw-nfs4.c:3370:1:zdr_SEQUENCE4args	16	static
libnfs-raw-nfs4.c:3388:1:zdr_SEQUENCE4resok	16	static
libnfs-raw-nfs4.c:3408:1:zdr_SEQUENCE4res	16	static
libnfs-raw-nfs4.c:3426:1:zdr_ssa_digest_input4	16	static
libnfs-raw-nfs4.c:3436:1:zdr_SET_SSV4args	16	static
libnfs-raw-nfs4.c:3448:1:zdr_ssr_digest_input4	16	static
libnfs-raw-nfs4.c:3458:1:zdr_SET_SSV4resok	16	static
libnfs-raw-nfs4.c:3468:1:zdr_SET_SSV4res	16	static
libnfs-raw-nfs4.c:3486:1:zdr_TEST_STATEID4args	24	static
libnfs-raw-nfs4.c:3497:1:zdr_TEST_STATEID4resok	24	static
libnfs-raw-nfs4.c:3508:1:zdr_TEST_STATEID4res	16	static
libnfs-raw-nfs4.c:3526:1:zdr_deleg_claim4	16	static
libnfs-raw-nfs4.c:3548:1:zdr_WANT_DELEGATION4args	16	static
libnfs-raw-nfs4.c:3560:1:zdr_WANT_DELEGATION4res	16	static
libnfs-raw-nfs4.c:3578:1:zdr_DESTROY_CLIENTID4args	16	static
libnfs-raw-nfs4.c:3588:1:zdr_DESTROY_CLIENTID4res	16	static
libnfs-raw-nfs4.c:3598:1:zdr_RECLAIM_COMPLETE4args	16	static
libnfs-raw-nfs4.c:3608:1:zdr_RECLAIM_COMPLETE4res	16	static
libnfs-raw-nfs4.c:3618:1:zdr_ILLEGAL4res	16	static
libnfs-raw-nfs4.c:3628:1:zdr_nfs_opnum4	16	static
libnfs-raw-nfs4.c:3638:1:zdr_nfs_argop4	16	static
libnfs-raw-nfs4.c:3852:1:zdr_nfs_resop4	16	static
libnfs-raw-nfs4.c:4082:1:zdr_COMPOUND4args	24	static
libnfs-raw-nfs4.c:4097:1:zdr_COMPOUND4res	24	static
libnfs-raw-nfs4.c:4112:1:zdr_CB_GETATTR4args	16	static
libnfs-raw-nfs4.c:4124:1:zdr_CB_GETATTR4resok	16	static
libnfs-raw-nfs4.c:4134:1:zdr_CB_GETATTR4res	16	static
libnfs-raw-nfs4.c:4152:1:zdr_CB_RECALL4args	16	static
libnfs-raw-nfs4.c:4166:1:zdr_CB_RECALL4res	16	static
libnfs-raw-nfs4.c:4176:1:zdr_CB_ILLEGAL4res	16	static
libnfs-raw-nfs4.c:4186:1:zdr_nfs_cb_opnum4	16	static
libnfs-raw-nfs4.c:4196:1:zdr_nfs_cb_argop4	16	static
libnfs-raw-nfs4.c:4220:1:zdr_nfs_cb_resop4	16	static
libnfs-raw-nfs4.c:4246:1:zdr_CB_COMPOUND4args	24	static
libnfs-raw-nfs4.c:4263:1:zdr_CB_COMPOUND4res	24	static
