libnfs-raw-nfs.c:39:1:zdr_cookieverf3	16	static
libnfs-raw-nfs.c:50:1:zdr_cookie3	16	static
libnfs-raw-nfs.c:61:1:zdr_nfs_fh3	16	static
libnfs-raw-nfs.c:72:1:zdr_filename3	16	static
libnfs-raw-nfs.c:83:1:zdr_diropargs3	16	static
libnfs-raw-nfs.c:96:1:zdr_ftype3	16	static
libnfs-raw-nfs.c:107:1:zdr_mode3	16	static
libnfs-raw-nfs.c:118:1:zdr_uid3	16	static
libnfs-raw-nfs.c:129:1:zdr_gid3	16	static
libnfs-raw-nfs.c:140:1:zdr_size3	16	static
libnfs-raw-nfs.c:151:1:zdr_fileid3	16	static
libnfs-raw-nfs.c:162:1:zdr_specdata3	16	static
libnfs-raw-nfs.c:175:1:zdr_nfstime3	16	static
libnfs-raw-nfs.c:188:1:zdr_fattr3	16	static
libnfs-raw-nfs.c:223:1:zdr_post_op_attr	16	static
libnfs-raw-nfs.c:244:1:zdr_nfsstat3	16	static
libnfs-raw-nfs.c:255:1:zdr_stable_how	16	static
libnfs-raw-nfs.c:266:1:zdr_offset3	16	static
libnfs-raw-nfs.c:277:1:zdr_count3	16	static
libnfs-raw-nfs.c:288:1:zdr_wcc_attr	16	static
libnfs-raw-nfs.c:303:1:zdr_pre_op_attr	16	static
libnfs-raw-nfs.c:324:1:zdr_wcc_data	16	static
libnfs-raw-nfs.c:337:1:zdr_WRITE3args	16	static
libnfs-raw-nfs.c:356:1:zdr_writeverf3	16	static
libnfs-raw-nfs.c:367:1:zdr_WRITE3resok	16	static
libnfs-raw-nfs.c:384:1:zdr_WRITE3resfail	16	static
libnfs-raw-nfs.c:395:1:zdr_WRITE3res	16	static
libnfs-raw-nfs.c:416:1:zdr_LOOKUP3args	16	static
libnfs-raw-nfs.c:427:1:zdr_LOOKUP3resok	16	static
libnfs-raw-nfs.c:442:1:zdr_LOOKUP3resfail	16	static
libnfs-raw-nfs.c:453:1:zdr_LOOKUP3res	16	static
libnfs-raw-nfs.c:474:1:zdr_COMMIT3args	16	static
libnfs-raw-nfs.c:489:1:zdr_COMMIT3resok	16	static
libnfs-raw-nfs.c:502:1:zdr_COMMIT3resfail	16	static
libnfs-raw-nfs.c:513:1:zdr_COMMIT3res	16	static
libnfs-raw-nfs.c:534:1:zdr_ACCESS3args	16	static
libnfs-raw-nfs.c:547:1:zdr_ACCESS3resok	16	static
libnfs-raw-nfs.c:560:1:zdr_ACCESS3resfail	16	static
libnfs-raw-nfs.c:571:1:zdr_ACCESS3res	16	static
libnfs-raw-nfs.c:592:1:zdr_GETATTR3args	16	static
libnfs-raw-nfs.c:603:1:zdr_GETATTR3resok	16	static
libnfs-raw-nfs.c:614:1:zdr_GETATTR3res	16	static
libnfs-raw-nfs.c:633:1:zdr_time_how	16	static
libnfs-raw-nfs.c:644:1:zdr_set_mode3	16	static
libnfs-raw-nfs.c:663:1:zdr_set_uid3	16	static
libnfs-raw-nfs.c:682:1:zdr_set_gid3	16	static
libnfs-raw-nfs.c:701:1:zdr_set_size3	16	static
libnfs-raw-nfs.c:720:1:zdr_set_atime	16	static
libnfs-raw-nfs.c:739:1:zdr_set_mtime	16	static
libnfs-raw-nfs.c:758:1:zdr_sattr3	16	static
libnfs-raw-nfs.c:779:1:zdr_createmode3	16	static
libnfs-raw-nfs.c:790:1:zdr_createverf3	16	static
libnfs-raw-nfs.c:801:1:zdr_createhow3	16	static
libnfs-raw-nfs.c:828:1:zdr_CREATE3args	16	static
libnfs-raw-nfs.c:841:1:zdr_post_op_fh3	16	static
libnfs-raw-nfs.c:862:1:zdr_CREATE3resok	16	static
libnfs-raw-nfs.c:877:1:zdr_CREATE3resfail	16	static
libnfs-raw-nfs.c:888:1:zdr_CREATE3res	16	static
libnfs-raw-nfs.c:909:1:zdr_REMOVE3args	16	static
libnfs-raw-nfs.c:920:1:zdr_REMOVE3resok	16	static
libnfs-raw-nfs.c:931:1:zdr_REMOVE3resfail	16	static
libnfs-raw-nfs.c:942:1:zdr_REMOVE3res	16	static
libnfs-raw-nfs.c:963:1:zdr_READ3args	16	static
libnfs-raw-nfs.c:978:1:zdr_READ3resok	16	static
libnfs-raw-nfs.c:995:1:zdr_READ3resfail	16	static
libnfs-raw-nfs.c:1006:1:zdr_READ3res	16	static
libnfs-raw-nfs.c:1027:1:zdr_FSINFO3args	16	static
libnfs-raw-nfs.c:1038:1:zdr_FSINFO3resok	24	static
libnfs-raw-nfs.c:1144:1:zdr_FSINFO3resfail	16	static
libnfs-raw-nfs.c:1155:1:zdr_FSINFO3res	16	static
libnfs-raw-nfs.c:1176:1:zdr_FSSTAT3args	16	static
libnfs-raw-nfs.c:1187:1:zdr_FSSTAT3resok	16	static
libnfs-raw-nfs.c:1212:1:zdr_FSSTAT3resfail	16	static
libnfs-raw-nfs.c:1223:1:zdr_FSSTAT3res	16	static
libnfs-raw-nfs.c:1244:1:zdr_PATHCONF3args	16	static
libnfs-raw-nfs.c:1255:1:zdr_PATHCONF3resok	24	static
libnfs-raw-nfs.c:1333:1:zdr_PATHCONF3resfail	16	static
libnfs-raw-nfs.c:1344:1:zdr_PATHCONF3res	16	static
libnfs-raw-nfs.c:1365:1:zdr_nfspath3	16	static
libnfs-raw-nfs.c:1376:1:zdr_symlinkdata3	16	static
libnfs-raw-nfs.c:1389:1:zdr_SYMLINK3args	16	static
libnfs-raw-nfs.c:1402:1:zdr_SYMLINK3resok	16	static
libnfs-raw-nfs.c:1417:1:zdr_SYMLINK3resfail	16	static
libnfs-raw-nfs.c:1428:1:zdr_SYMLINK3res	16	static
libnfs-raw-nfs.c:1449:1:zdr_READLINK3args	16	static
libnfs-raw-nfs.c:1460:1:zdr_READLINK3resok	16	static
libnfs-raw-nfs.c:1473:1:zdr_READLINK3resfail	16	static
libnfs-raw-nfs.c:1484:1:zdr_READLINK3res	16	static
libnfs-raw-nfs.c:1505:1:zdr_devicedata3	16	static
libnfs-raw-nfs.c:1518:1:zdr_mknoddata3	16	static
libnfs-raw-nfs.c:1549:1:zdr_MKNOD3args	16	static
libnfs-raw-nfs.c:1562:1:zdr_MKNOD3resok	16	static
libnfs-raw-nfs.c:1577:1:zdr_MKNOD3resfail	16	static
libnfs-raw-nfs.c:1588:1:zdr_MKNOD3res	16	static
libnfs-raw-nfs.c:1609:1:zdr_MKDIR3args	16	static
libnfs-raw-nfs.c:1622:1:zdr_MKDIR3resok	16	static
libnfs-raw-nfs.c:1637:1:zdr_MKDIR3resfail	16	static
libnfs-raw-nfs.c:1648:1:zdr_MKDIR3res	16	static
libnfs-raw-nfs.c:1669:1:zdr_RMDIR3args	16	static
libnfs-raw-nfs.c:1680:1:zdr_RMDIR3resok	16	static
libnfs-raw-nfs.c:1691:1:zdr_RMDIR3resfail	16	static
libnfs-raw-nfs.c:1702:1:zdr_RMDIR3res	16	static
libnfs-raw-nfs.c:1723:1:zdr_RENAME3args	16	static
libnfs-raw-nfs.c:1736:1:zdr_RENAME3resok	16	static
libnfs-raw-nfs.c:1749:1:zdr_RENAME3resfail	16	static
libnfs-raw-nfs.c:1762:1:zdr_RENAME3res	16	static
libnfs-raw-nfs.c:1783:1:zdr_READDIRPLUS3args	16	static
libnfs-raw-nfs.c:1802:1:zdr_entryplus3	16	static
libnfs-raw-nfs.c:1823:1:zdr_dirlistplus3	16	static
libnfs-raw-nfs.c:1836:1:zdr_READDIRPLUS3resok	16	static
libnfs-raw-nfs.c:1851:1:zdr_READDIRPLUS3resfail	16	static
libnfs-raw-nfs.c:1862:1:zdr_READDIRPLUS3res	16	static
libnfs-raw-nfs.c:1883:1:zdr_READDIR3args	16	static
libnfs-raw-nfs.c:1900:1:zdr_entry3	16	static
libnfs-raw-nfs.c:1917:1:zdr_dirlist3	16	static
libnfs-raw-nfs.c:1930:1:zdr_READDIR3resok	16	static
libnfs-raw-nfs.c:1945:1:zdr_READDIR3resfail	16	static
libnfs-raw-nfs.c:1956:1:zdr_READDIR3res	16	static
libnfs-raw-nfs.c:1977:1:zdr_LINK3args	16	static
libnfs-raw-nfs.c:1990:1:zdr_LINK3resok	16	static
libnfs-raw-nfs.c:2003:1:zdr_LINK3resfail	16	static
libnfs-raw-nfs.c:2016:1:zdr_LINK3res	16	static
libnfs-raw-nfs.c:2037:1:zdr_sattrguard3	16	static
libnfs-raw-nfs.c:2058:1:zdr_SETATTR3args	16	static
libnfs-raw-nfs.c:2073:1:zdr_SETATTR3resok	16	static
libnfs-raw-nfs.c:2084:1:zdr_SETATTR3resfail	16	static
libnfs-raw-nfs.c:2095:1:zdr_SETATTR3res	16	static
libnfs-raw-nfs.c:2116:1:zdr_fhandle2	16	static
libnfs-raw-nfs.c:2127:1:zdr_ftype2	16	static
libnfs-raw-nfs.c:2138:1:zdr_fattr2	24	static
libnfs-raw-nfs.c:2268:1:zdr_sattr2	24	static
libnfs-raw-nfs.c:2338:1:zdr_filename2	16	static
libnfs-raw-nfs.c:2349:1:zdr_path2	16	static
libnfs-raw-nfs.c:2360:1:zdr_nfsdata2	16	static
libnfs-raw-nfs.c:2371:1:zdr_nfscookie2	16	static
libnfs-raw-nfs.c:2382:1:zdr_entry2	16	static
libnfs-raw-nfs.c:2399:1:zdr_diropargs2	16	static
libnfs-raw-nfs.c:2412:1:zdr_GETATTR2args	16	static
libnfs-raw-nfs.c:2423:1:zdr_GETATTR2resok	16	static
libnfs-raw-nfs.c:2434:1:zdr_GETATTR2res	16	static
libnfs-raw-nfs.c:2453:1:zdr_SETATTR2args	16	static
libnfs-raw-nfs.c:2466:1:zdr_SETATTR2resok	16	static
libnfs-raw-nfs.c:2477:1:zdr_SETATTR2res	16	static
libnfs-raw-nfs.c:2496:1:zdr_LOOKUP2args	16	static
libnfs-raw-nfs.c:2507:1:zdr_LOOKUP2resok	16	static
libnfs-raw-nfs.c:2520:1:zdr_LOOKUP2res	16	static
libnfs-raw-nfs.c:2539:1:zdr_READLINK2args	16	static
libnfs-raw-nfs.c:2550:1:zdr_READLINK2resok	16	static
libnfs-raw-nfs.c:2561:1:zdr_READLINK2res	16	static
libnfs-raw-nfs.c:2580:1:zdr_READ2args	16	static
libnfs-raw-nfs.c:2597:1:zdr_READ2resok	16	static
libnfs-raw-nfs.c:2610:1:zdr_READ2res	16	static
libnfs-raw-nfs.c:2629:1:zdr_WRITE2args	24	static
libnfs-raw-nfs.c:2691:1:zdr_WRITE2resok	16	static
libnfs-raw-nfs.c:2702:1:zdr_WRITE2res	16	static
libnfs-raw-nfs.c:2721:1:zdr_CREATE2args	16	static
libnfs-raw-nfs.c:2734:1:zdr_CREATE2resok	16	static
libnfs-raw-nfs.c:2747:1:zdr_CREATE2res	16	static
libnfs-raw-nfs.c:2766:1:zdr_REMOVE2args	16	static
libnfs-raw-nfs.c:2777:1:zdr_REMOVE2res	16	static
libnfs-raw-nfs.c:2788:1:zdr_RENAME2args	16	static
libnfs-raw-nfs.c:2801:1:zdr_RENAME2res	16	static
libnfs-raw-nfs.c:2812:1:zdr_LINK2args	16	static
libnfs-raw-nfs.c:2825:1:zdr_LINK2res	16	static
libnfs-raw-nfs.c:2836:1:zdr_SYMLINK2args	16	static
libnfs-raw-nfs.c:2851:1:zdr_SYMLINK2res	16	static
libnfs-raw-nfs.c:2862:1:zdr_MKDIR2args	16	static
libnfs-raw-nfs.c:2875:1:zdr_MKDIR2resok	16	static
libnfs-raw-nfs.c:2888:1:zdr_MKDIR2res	16	static
libnfs-raw-nfs.c:2907:1:zdr_RMDIR2args	16	static
libnfs-raw-nfs.c:2918:1:zdr_RMDIR2res	16	static
libnfs-raw-nfs.c:2929:1:zdr_READDIR2args	16	static
libnfs-raw-nfs.c:2944:1:zdr_READDIR2resok	16	static
libnfs-raw-nfs.c:2957:1:zdr_READDIR2res	16	static
libnfs-raw-nfs.c:2976:1:zdr_STATFS2args	16	static
libnfs-raw-nfs.c:2987:1:zdr_STATFS2resok	24	static
libnfs-raw-nfs.c:3051:1:zdr_STATFS2res	16	static
libnfs-raw-nfs.c:3070:1:zdr_nfsacl_type	16	static
libnfs-raw-nfs.c:3081:1:zdr_nfsacl_ace	16	static
libnfs-raw-nfs.c:3096:1:zdr_GETACL3args	16	static
libnfs-raw-nfs.c:3109:1:zdr_GETACL3resok	24	static
libnfs-raw-nfs.c:3132:1:zdr_GETACL3res	16	static
libnfs-raw-nfs.c:3151:1:zdr_SETACL3args	24	static
libnfs-raw-nfs.c:3174:1:zdr_SETACL3resok	16	static
libnfs-raw-nfs.c:3185:1:zdr_SETACL3res	16	static
