libnfs-raw-portmap.c:39:1:zdr_pmap2_mapping	24	static
libnfs-raw-portmap.c:96:1:zdr_pmap2_call_args	24	static
libnfs-raw-portmap.c:153:1:zdr_pmap2_call_result	16	static
libnfs-raw-portmap.c:165:1:zdr_pmap2_mapping_list	16	static
libnfs-raw-portmap.c:177:1:zdr_pmap2_dump_result	16	static
libnfs-raw-portmap.c:187:1:zdr_pmap3_string_result	16	static
libnfs-raw-portmap.c:197:1:zdr_pmap3_mapping	16	static
libnfs-raw-portmap.c:215:1:zdr_pmap3_mapping_list	16	static
libnfs-raw-portmap.c:227:1:zdr_pmap3_dump_result	16	static
libnfs-raw-portmap.c:237:1:zdr_pmap3_call_args	24	static
libnfs-raw-portmap.c:294:1:zdr_pmap3_call_result	16	static
libnfs-raw-portmap.c:306:1:zdr_pmap3_netbuf	16	static
libnfs-raw-portmap.c:318:1:zdr_PMAP2SETargs	16	static
libnfs-raw-portmap.c:328:1:zdr_PMAP2UNSETargs	16	static
libnfs-raw-portmap.c:338:1:zdr_PMAP2GETPORTargs	16	static
libnfs-raw-portmap.c:348:1:zdr_PMAP2CALLITargs	16	static
libnfs-raw-portmap.c:358:1:zdr_PMAP2CALLITres	16	static
libnfs-raw-portmap.c:368:1:zdr_PMAP2DUMPres	16	static
libnfs-raw-portmap.c:378:1:zdr_PMAP3SETargs	16	static
libnfs-raw-portmap.c:388:1:zdr_PMAP3UNSETargs	16	static
libnfs-raw-portmap.c:398:1:zdr_PMAP3GETADDRargs	16	static
libnfs-raw-portmap.c:408:1:zdr_PMAP3GETADDRres	16	static
libnfs-raw-portmap.c:418:1:zdr_PMAP3DUMPres	16	static
libnfs-raw-portmap.c:428:1:zdr_PMAP3CALLITargs	16	static
libnfs-raw-portmap.c:438:1:zdr_PMAP3CALLITres	16	static
libnfs-raw-portmap.c:448:1:zdr_PMAP3UADDR2TADDRres	16	static
libnfs-raw-portmap.c:458:1:zdr_PMAP3TADDR2UADDRargs	16	static
libnfs-raw-portmap.c:468:1:zdr_PMAP3TADDR2UADDRres	16	static
