libnfs.c:96:1:nfs_free_nfsdir	24	static
libnfs.c:111:1:nfs_dircache_add	24	static
libnfs.c:132:1:nfs_dircache_find	24	static
libnfs.c:154:1:nfs_dircache_drop	24	static
libnfs.c:165:1:nfs_pagecache_hash	24	static
libnfs.c:171:1:nfs_pagecache_invalidate	16	static
libnfs.c:181:1:nfs_pagecache_put	112	static
libnfs.c:208:1:nfs_pagecache_get	40	static
libnfs.c:229:6:nfs_pagecache_init	24	static
libnfs.c:242:1:nfs_set_auth	16	static
libnfs.c:248:1:nfs_get_fd	16	static
libnfs.c:254:1:nfs_queue_length	16	static
libnfs.c:260:1:nfs_which_events	16	static
libnfs.c:266:1:nfs_service	16	static
libnfs.c:272:1:nfs_get_error	16	static
libnfs.c:298:1:nfs_set_context_args	32	static
libnfs.c:337:1:tohex	16	static
libnfs.c:350:1:nfs_parse_url	56	static
libnfs.c:498:1:nfs_parse_url_full	16	static
libnfs.c:504:1:nfs_parse_url_dir	16	static
libnfs.c:510:1:nfs_parse_url_incomplete	16	static
libnfs.c:517:1:nfs_destroy_url	16	static
libnfs.c:530:1:nfs_init_context	128	static
libnfs.c:588:1:nfs4_set_client_name	24	static
libnfs.c:594:1:nfs4_set_verifier	16	static
libnfs.c:600:1:nfs_destroy_context	32	static
libnfs.c:652:6:free_rpc_cb_data	16	static
libnfs.c:663:1:rpc_connect_program_5_cb	40	static
libnfs.c:684:1:rpc_connect_program_4_cb	48	static
libnfs.c:709:1:rpc_connect_program_3_cb	48	static
libnfs.c:767:1:rpc_connect_program_2_cb	64	static
libnfs.c:810:1:rpc_connect_program_1_cb	40	static
libnfs.c:847:1:rpc_connect_port_internal	32	static
libnfs.c:858:1:rpc_connect_port_async	32	static
libnfs.c:887:1:rpc_connect_program_async	40	static
libnfs.c:916:1:free_nfs_cb_data	16	static
libnfs.c:933:1:nfs_free_nfsfh	16	static
libnfs.c:948:1:nfs_mount_async	32	static
libnfs.c:967:1:nfs_umount_async	32	static
libnfs.c:984:1:nfs_normalize_path	32	static
libnfs.c:1085:1:nfs_stat_async	24	static
libnfs.c:1099:1:nfs_stat64_async	32	static
libnfs.c:1117:1:nfs_lstat64_async	32	static
libnfs.c:1135:1:nfs_open2_async	32	static
libnfs.c:1153:1:nfs_open_async	32	static
libnfs.c:1161:1:nfs_chdir_async	24	static
libnfs.c:1177:1:nfs_pread_async	40	static
libnfs.c:1197:1:nfs_read_async	40	static
libnfs.c:1217:1:nfs_pwrite_async	48	static
libnfs.c:1237:1:nfs_write_async	40	static
libnfs.c:1255:1:nfs_close_async	24	static
libnfs.c:1271:1:nfs_fstat_async	24	static
libnfs.c:1285:1:nfs_fstat64_async	24	static
libnfs.c:1301:1:nfs_fsync_async	24	static
libnfs.c:1317:1:nfs_ftruncate_async	32	static
libnfs.c:1335:1:nfs_truncate_async	32	static
libnfs.c:1351:1:nfs_mkdir2_async	32	static
libnfs.c:1367:1:nfs_mkdir_async	32	static
libnfs.c:1374:1:nfs_rmdir_async	24	static
libnfs.c:1390:1:nfs_create_async	32	static
libnfs.c:1408:1:nfs_creat_async	32	static
libnfs.c:1415:1:nfs_unlink_async	24	static
libnfs.c:1431:1:nfs_mknod_async	32	static
libnfs.c:1447:1:nfs_opendir_async	24	static
libnfs.c:1463:1:nfs_readdir	24	static
libnfs.c:1474:1:nfs_telldir	24	static
libnfs.c:1488:1:nfs_seekdir	24	static
libnfs.c:1500:1:nfs_rewinddir	16	static
libnfs.c:1506:1:nfs_closedir	16	static
libnfs.c:1516:1:nfs_getcwd	16	static
libnfs.c:1524:1:nfs_lseek_async	40	static
libnfs.c:1542:1:nfs_lockf_async	40	static
libnfs.c:1558:1:nfs_fcntl_async	32	static
libnfs.c:1574:1:nfs_statvfs_async	24	static
libnfs.c:1590:1:nfs_statvfs64_async	24	static
libnfs.c:1606:1:nfs_readlink_async	24	static
libnfs.c:1622:1:nfs_chmod_async	32	static
libnfs.c:1640:1:nfs_lchmod_async	32	static
libnfs.c:1658:1:nfs_fchmod_async	32	static
libnfs.c:1674:1:nfs_chown_async	40	static
libnfs.c:1692:1:nfs_lchown_async	40	static
libnfs.c:1710:1:nfs_fchown_async	32	static
libnfs.c:1728:1:nfs_utimes_async	32	static
libnfs.c:1746:1:nfs_lutimes_async	32	static
libnfs.c:1764:1:nfs_utime_async	32	static
libnfs.c:1780:1:nfs_access_async	32	static
libnfs.c:1796:1:nfs_access2_async	24	static
libnfs.c:1812:1:nfs_symlink_async	32	static
libnfs.c:1830:1:nfs_rename_async	32	static
libnfs.c:1848:1:nfs_link_async	32	static
libnfs.c:1869:1:nfs_get_readmax	16	static
libnfs.c:1874:1:nfs_set_readmax	24	static
libnfs.c:1883:1:nfs_get_writemax	16	static
libnfs.c:1888:1:nfs_set_writemax	24	static
libnfs.c:1894:1:nfs_set_tcp_syncnt	16	static
libnfs.c:1899:1:nfs_set_uid	16	static
libnfs.c:1904:1:nfs_set_gid	16	static
libnfs.c:1909:1:nfs_set_pagecache	16	static
libnfs.c:1914:1:nfs_set_pagecache_ttl	16	static
libnfs.c:1919:1:nfs_set_readahead	16	static
libnfs.c:1924:1:nfs_set_debug	16	static
libnfs.c:1929:1:nfs_set_dircache	16	static
libnfs.c:1934:1:nfs_set_autoreconnect	16	static
libnfs.c:1939:1:nfs_set_version	16	static
libnfs.c:1953:1:nfs_get_version	16	static
libnfs.c:1958:1:nfs_set_error	28	static
libnfs.c:1989:1:free_mount_cb_data	16	static
libnfs.c:2000:1:mount_export_5_cb	40	static
libnfs.c:2021:1:mount_export_4_cb	40	static
libnfs.c:2045:1:mount_getexports_async	40	static
libnfs.c:2076:1:nfs_get_rpc_context	16	static
libnfs.c:2083:1:nfs_get_server	16	static
libnfs.c:2088:1:nfs_get_export	16	static
libnfs.c:2093:1:nfs_get_rootfh	16	static
libnfs.c:2098:1:nfs_get_fh	16	static
libnfs.c:2103:1:nfs_umask	24	static
libnfs.c:2113:1:nfs_set_timeout	16	static
libnfs.c:2122:1:nfs_get_timeout	16	static
libnfs.c:2128:1:rpc_null_async	48	static
